mcu_communication.c:39:12:_parse_set_laser	32	static
mcu_communication.c:55:12:_parse_parameter_int32	32	static
mcu_communication.c:72:12:_parse_time_led	32	static
mcu_communication.c:89:12:MCU_HandleByte	16	static
mcu_communication.c:93:12:find_cmd	24	static
mcu_communication.c:112:12:find_int	40	static
mcu_communication.c:136:12:find_int32	40	static
mcu_communication.c:160:19:_process_char	24	static
mcu_communication.c:222:12:CAMCMD_Init	16	static
mcu_communication.c:230:6:CAMCMD_ProcessMessages	8	static
