timer.c:174:13:_decrementAllTimers	24	static
timer.c:193:13:_checkElapsedTimers	16	static
timer.c:209:13:_executeAllCallbacks	16	static
timer.c:228:13:_init_watchdog	8	static
timer.c:237:6:TMR_IRQ	8	static
timer.c:249:6:TMR_Init	8	static
timer.c:263:6:TMR_Tick	16	static
timer.c:287:6:TMR_Add	32	static
timer.c:338:6:TMR_SetAutoreload	16	static
timer.c:352:6:TMR_Start	16	static
timer.c:366:6:TMR_Stop	16	static
timer.c:375:6:TMR_Restart	16	static
timer.c:385:6:TMR_RestartWithNewDelay	16	static
timer.c:395:6:TMR_Clear	16	static
timer.c:404:6:TMR_ExecuteCallbacks	8	static
timer.c:418:6:TMR_BlockingDelay	24	static
timer.c:434:10:TMR_GetLeftTime	16	static
timer.c:438:10:TMR_GetElapsedTime	16	static
timer.c:447:16:TMR_GetStatus	16	static
timer.c:459:10:TMR_GetTimeFromStart	8	static
timer.c:469:6:TMR_StartWait	8	static
timer.c:477:6:TMR_SetTimeFromStart	16	static
timer.c:486:9:TMR_WaitUntil	24	static
timer.c:511:6:TMR_ResetMCU	8	static
